2025-04-21 00:03:03-015 [reactor-http-nio-1] INFO  c.b.s.p.e.ServiceProductDelegateImpl - -> Find All Products 
2025-04-21 00:03:03-074 [reactor-http-nio-1] INFO  c.b.s.p.s.impl.ProductServiceImpl - Products searching. 
2025-04-21 00:03:03-088 [reactor-http-nio-1] INFO  c.b.s.p.s.impl.ProductServiceImpl - Products found 
2025-04-21 00:03:05-541 [reactor-http-nio-8] INFO  c.b.s.p.e.ServiceProductDelegateImpl - -> Init get product Balance 
2025-04-21 00:03:05-543 [reactor-http-nio-8] INFO  c.b.s.p.s.impl.ProductServiceImpl - Searching product balance of customer: 67fabf94ec8287214a828c9c 
2025-04-21 00:03:05-549 [reactor-http-nio-8] INFO  c.b.s.p.s.impl.ProductServiceImpl - Getting balance of product: 67fabf94ec8287214a828c9c 
2025-04-21 00:03:05-554 [nioEventLoopGroup-3-4] INFO  c.b.s.p.s.impl.ProductServiceImpl - Success getting balance of product: {"creditLimit":3000.0,"creditLimitUsed":80.0,"creditEnabledToUse":2920.0,"totalAmountInAccount":0.0} 
2025-04-21 00:03:05-594 [reactor-http-nio-7] INFO  c.b.s.p.e.ServiceProductDelegateImpl - -> Find All Products 
2025-04-21 00:03:05-595 [reactor-http-nio-7] INFO  c.b.s.p.s.impl.ProductServiceImpl - Products searching. 
2025-04-21 00:03:05-604 [reactor-http-nio-7] INFO  c.b.s.p.s.impl.ProductServiceImpl - Products found 
2025-04-21 00:03:06-921 [reactor-http-nio-1] INFO  c.b.s.p.e.ServiceProductDelegateImpl - -> Init get product type by code 
2025-04-21 00:03:06-923 [reactor-http-nio-1] INFO  c.b.s.p.s.i.ProductTypeServiceImpl - Searching product type by code CC 
2025-04-21 00:03:06-924 [reactor-http-nio-2] INFO  c.b.s.p.e.ServiceProductDelegateImpl - -> Init get product Balance 
2025-04-21 00:03:06-926 [reactor-http-nio-2] INFO  c.b.s.p.s.impl.ProductServiceImpl - Searching product balance of customer: 67fac6ee3d4d5b2abeb89be8 
2025-04-21 00:03:06-926 [reactor-http-nio-2] INFO  c.b.s.p.s.impl.ProductServiceImpl - Getting balance of product: 67fac6ee3d4d5b2abeb89be8 
2025-04-21 00:03:06-929 [nioEventLoopGroup-3-4] INFO  c.b.s.p.s.i.ProductTypeServiceImpl - Product type found and creating product type rs. 
2025-04-21 00:03:06-929 [nioEventLoopGroup-3-4] INFO  c.b.s.p.s.i.ProductTypeServiceImpl - Product type found: class ProductTypeResponse {
    code: CC
    description: Credit Card
    familyType: ACTIVE
    isFreeMaintenanceCommission: true
    isFreeNumberMovement: true
    isFreeCommissionPerMovement: true
    maxMovementPerMonth: 0
    dateToUniqueMovement: 
    maintenanceCommission: 10.0
    movementCommission: 0.0
} 
2025-04-21 00:03:06-929 [nioEventLoopGroup-3-4] INFO  c.b.s.p.e.ServiceProductDelegateImpl - End get product type by code. 
2025-04-21 00:03:06-931 [nioEventLoopGroup-3-7] INFO  c.b.s.p.s.impl.ProductServiceImpl - Success getting balance of product: {"creditLimit":3000.0,"creditLimitUsed":500.0,"creditEnabledToUse":2500.0,"totalAmountInAccount":0.0} 
2025-04-21 00:03:07-807 [reactor-http-nio-8] INFO  c.b.s.p.e.ServiceProductDelegateImpl - -> Init get product Balance 
2025-04-21 00:03:07-810 [reactor-http-nio-8] INFO  c.b.s.p.s.impl.ProductServiceImpl - Searching product balance of customer: 67f9cc806e374c0902dcdb73 
2025-04-21 00:03:07-810 [reactor-http-nio-8] INFO  c.b.s.p.s.impl.ProductServiceImpl - Getting balance of product: 67f9cc806e374c0902dcdb73 
2025-04-21 00:03:07-815 [nioEventLoopGroup-3-7] INFO  c.b.s.p.s.impl.ProductServiceImpl - Success getting balance of product: {"creditLimit":0.0,"creditLimitUsed":0.0,"creditEnabledToUse":0.0,"totalAmountInAccount":505.0} 
2025-04-21 00:03:20-639 [reactor-http-nio-7] INFO  c.b.s.p.e.ServiceProductDelegateImpl - -> Init get product type by code 
2025-04-21 00:03:20-641 [reactor-http-nio-7] INFO  c.b.s.p.s.i.ProductTypeServiceImpl - Searching product type by code CC 
2025-04-21 00:03:20-646 [nioEventLoopGroup-3-7] INFO  c.b.s.p.s.i.ProductTypeServiceImpl - Product type found and creating product type rs. 
2025-04-21 00:03:20-646 [nioEventLoopGroup-3-7] INFO  c.b.s.p.s.i.ProductTypeServiceImpl - Product type found: class ProductTypeResponse {
    code: CC
    description: Credit Card
    familyType: ACTIVE
    isFreeMaintenanceCommission: true
    isFreeNumberMovement: true
    isFreeCommissionPerMovement: true
    maxMovementPerMonth: 0
    dateToUniqueMovement: 
    maintenanceCommission: 10.0
    movementCommission: 0.0
} 
2025-04-21 00:03:20-647 [nioEventLoopGroup-3-7] INFO  c.b.s.p.e.ServiceProductDelegateImpl - End get product type by code. 
2025-04-21 00:03:20-655 [reactor-http-nio-5] INFO  c.b.s.p.e.ServiceProductDelegateImpl - -> Init get product Balance 
2025-04-21 00:03:20-656 [reactor-http-nio-4] INFO  c.b.s.p.e.ServiceProductDelegateImpl - -> Init get product Balance 
2025-04-21 00:03:20-656 [reactor-http-nio-6] INFO  c.b.s.p.e.ServiceProductDelegateImpl - -> Init get product Balance 
2025-04-21 00:03:20-656 [reactor-http-nio-5] INFO  c.b.s.p.s.impl.ProductServiceImpl - Searching product balance of customer: 67fabf94ec8287214a828c9c 
2025-04-21 00:03:20-656 [reactor-http-nio-5] INFO  c.b.s.p.s.impl.ProductServiceImpl - Getting balance of product: 67fabf94ec8287214a828c9c 
2025-04-21 00:03:20-657 [reactor-http-nio-6] INFO  c.b.s.p.s.impl.ProductServiceImpl - Searching product balance of customer: 67fac6ee3d4d5b2abeb89be8 
2025-04-21 00:03:20-657 [reactor-http-nio-4] INFO  c.b.s.p.s.impl.ProductServiceImpl - Searching product balance of customer: 67f9e1c9fe034d395c6d23b3 
2025-04-21 00:03:20-657 [reactor-http-nio-4] INFO  c.b.s.p.s.impl.ProductServiceImpl - Getting balance of product: 67f9e1c9fe034d395c6d23b3 
2025-04-21 00:03:20-657 [reactor-http-nio-7] INFO  c.b.s.p.e.ServiceProductDelegateImpl - -> Init get product Balance 
2025-04-21 00:03:20-656 [reactor-http-nio-3] INFO  c.b.s.p.e.ServiceProductDelegateImpl - -> Init get product Balance 
2025-04-21 00:03:20-657 [reactor-http-nio-6] INFO  c.b.s.p.s.impl.ProductServiceImpl - Getting balance of product: 67fac6ee3d4d5b2abeb89be8 
2025-04-21 00:03:20-659 [reactor-http-nio-3] INFO  c.b.s.p.s.impl.ProductServiceImpl - Searching product balance of customer: 67f9cd80200fc270ce30e284 
2025-04-21 00:03:20-659 [reactor-http-nio-3] INFO  c.b.s.p.s.impl.ProductServiceImpl - Getting balance of product: 67f9cd80200fc270ce30e284 
2025-04-21 00:03:20-661 [reactor-http-nio-2] INFO  c.b.s.p.e.ServiceProductDelegateImpl - -> Init get product Balance 
2025-04-21 00:03:20-661 [reactor-http-nio-8] INFO  c.b.s.p.e.ServiceProductDelegateImpl - -> Init get product Balance 
2025-04-21 00:03:20-662 [reactor-http-nio-2] INFO  c.b.s.p.s.impl.ProductServiceImpl - Searching product balance of customer: 67fe9360f83aa2186dd5e69e 
2025-04-21 00:03:20-662 [reactor-http-nio-2] INFO  c.b.s.p.s.impl.ProductServiceImpl - Getting balance of product: 67fe9360f83aa2186dd5e69e 
2025-04-21 00:03:20-662 [reactor-http-nio-8] INFO  c.b.s.p.s.impl.ProductServiceImpl - Searching product balance of customer: 67fb3aaa3d4d5b2abeb89bec 
2025-04-21 00:03:20-663 [reactor-http-nio-8] INFO  c.b.s.p.s.impl.ProductServiceImpl - Getting balance of product: 67fb3aaa3d4d5b2abeb89bec 
2025-04-21 00:03:20-665 [reactor-http-nio-1] INFO  c.b.s.p.e.ServiceProductDelegateImpl - -> Init get product Balance 
2025-04-21 00:03:20-665 [reactor-http-nio-1] INFO  c.b.s.p.s.impl.ProductServiceImpl - Searching product balance of customer: 67fe92e0f83aa2186dd5e69c 
2025-04-21 00:03:20-666 [reactor-http-nio-1] INFO  c.b.s.p.s.impl.ProductServiceImpl - Getting balance of product: 67fe92e0f83aa2186dd5e69c 
2025-04-21 00:03:20-658 [reactor-http-nio-7] INFO  c.b.s.p.s.impl.ProductServiceImpl - Searching product balance of customer: 67fac6f73d4d5b2abeb89bea 
2025-04-21 00:03:20-668 [reactor-http-nio-7] INFO  c.b.s.p.s.impl.ProductServiceImpl - Getting balance of product: 67fac6f73d4d5b2abeb89bea 
2025-04-21 00:03:20-669 [reactor-http-nio-3] INFO  c.b.s.p.e.ServiceProductDelegateImpl - -> Init get product Balance 
2025-04-21 00:03:20-670 [reactor-http-nio-3] INFO  c.b.s.p.s.impl.ProductServiceImpl - Searching product balance of customer: 67fe9db2f83aa2186dd5e6a0 
2025-04-21 00:03:20-670 [reactor-http-nio-3] INFO  c.b.s.p.s.impl.ProductServiceImpl - Getting balance of product: 67fe9db2f83aa2186dd5e6a0 
2025-04-21 00:03:20-673 [reactor-http-nio-4] INFO  c.b.s.p.e.ServiceProductDelegateImpl - -> Init get product Balance 
2025-04-21 00:03:20-674 [reactor-http-nio-4] INFO  c.b.s.p.s.impl.ProductServiceImpl - Searching product balance of customer: 67fec9835c652468edc457d0 
2025-04-21 00:03:20-674 [reactor-http-nio-4] INFO  c.b.s.p.s.impl.ProductServiceImpl - Getting balance of product: 67fec9835c652468edc457d0 
2025-04-21 00:03:20-680 [nioEventLoopGroup-3-7] INFO  c.b.s.p.s.impl.ProductServiceImpl - Success getting balance of product: {"creditLimit":3000.0,"creditLimitUsed":80.0,"creditEnabledToUse":2920.0,"totalAmountInAccount":0.0} 
2025-04-21 00:03:20-681 [nioEventLoopGroup-3-4] INFO  c.b.s.p.s.impl.ProductServiceImpl - Success getting balance of product: {"creditLimit":0.0,"creditLimitUsed":0.0,"creditEnabledToUse":0.0,"totalAmountInAccount":100.0} 
2025-04-21 00:03:20-684 [nioEventLoopGroup-3-6] INFO  c.b.s.p.s.impl.ProductServiceImpl - Success getting balance of product: {"creditLimit":3000.0,"creditLimitUsed":500.0,"creditEnabledToUse":2500.0,"totalAmountInAccount":0.0} 
2025-04-21 00:03:20-689 [nioEventLoopGroup-3-6] INFO  c.b.s.p.s.impl.ProductServiceImpl - Success getting balance of product: {"creditLimit":0.0,"creditLimitUsed":0.0,"creditEnabledToUse":0.0,"totalAmountInAccount":1210.0} 
2025-04-21 00:03:20-689 [nioEventLoopGroup-3-5] INFO  c.b.s.p.s.impl.ProductServiceImpl - Success getting balance of product: {"creditLimit":0.0,"creditLimitUsed":0.0,"creditEnabledToUse":0.0,"totalAmountInAccount":1000.0} 
2025-04-21 00:03:20-694 [nioEventLoopGroup-3-3] INFO  c.b.s.p.s.impl.ProductServiceImpl - Success getting balance of product: {"creditLimit":0.0,"creditLimitUsed":0.0,"creditEnabledToUse":0.0,"totalAmountInAccount":1280.0} 
2025-04-21 00:03:20-694 [nioEventLoopGroup-3-6] INFO  c.b.s.p.s.impl.ProductServiceImpl - Success getting balance of product: {"creditLimit":0.0,"creditLimitUsed":0.0,"creditEnabledToUse":0.0,"totalAmountInAccount":1000.0} 
2025-04-21 00:03:20-699 [nioEventLoopGroup-3-7] INFO  c.b.s.p.s.impl.ProductServiceImpl - Success getting balance of product: {"creditLimit":0.0,"creditLimitUsed":0.0,"creditEnabledToUse":0.0,"totalAmountInAccount":1000.0} 
2025-04-21 00:03:20-699 [nioEventLoopGroup-3-4] INFO  c.b.s.p.s.impl.ProductServiceImpl - Success getting balance of product: {"creditLimit":0.0,"creditLimitUsed":0.0,"creditEnabledToUse":0.0,"totalAmountInAccount":3720.0} 
2025-04-21 00:03:20-704 [nioEventLoopGroup-3-5] INFO  c.b.s.p.s.impl.ProductServiceImpl - Success getting balance of product: {"creditLimit":0.0,"creditLimitUsed":0.0,"creditEnabledToUse":0.0,"totalAmountInAccount":980.0} 
2025-04-21 00:04:03-943 [AsyncResolver-bootstrap-executor-%d] INFO  c.n.d.s.r.aws.ConfigClusterResolver - Resolving eureka endpoints via configuration 
2025-04-21 07:20:11-184 [AsyncResolver-bootstrap-executor-%d] INFO  c.n.d.s.r.aws.ConfigClusterResolver - Resolving eureka endpoints via configuration 
2025-04-21 07:25:11-186 [AsyncResolver-bootstrap-executor-%d] INFO  c.n.d.s.r.aws.ConfigClusterResolver - Resolving eureka endpoints via configuration 
2025-04-21 07:30:11-193 [AsyncResolver-bootstrap-executor-%d] INFO  c.n.d.s.r.aws.ConfigClusterResolver - Resolving eureka endpoints via configuration 
2025-04-21 07:35:11-202 [AsyncResolver-bootstrap-executor-%d] INFO  c.n.d.s.r.aws.ConfigClusterResolver - Resolving eureka endpoints via configuration 
2025-04-21 07:40:11-214 [AsyncResolver-bootstrap-executor-%d] INFO  c.n.d.s.r.aws.ConfigClusterResolver - Resolving eureka endpoints via configuration 
2025-04-21 07:45:11-220 [AsyncResolver-bootstrap-executor-%d] INFO  c.n.d.s.r.aws.ConfigClusterResolver - Resolving eureka endpoints via configuration 
2025-04-21 07:50:11-229 [AsyncResolver-bootstrap-executor-%d] INFO  c.n.d.s.r.aws.ConfigClusterResolver - Resolving eureka endpoints via configuration 
2025-04-21 07:55:11-237 [AsyncResolver-bootstrap-executor-%d] INFO  c.n.d.s.r.aws.ConfigClusterResolver - Resolving eureka endpoints via configuration 
2025-04-21 08:00:11-254 [AsyncResolver-bootstrap-executor-%d] INFO  c.n.d.s.r.aws.ConfigClusterResolver - Resolving eureka endpoints via configuration 
2025-04-21 08:05:11-256 [AsyncResolver-bootstrap-executor-%d] INFO  c.n.d.s.r.aws.ConfigClusterResolver - Resolving eureka endpoints via configuration 
2025-04-21 08:10:11-259 [AsyncResolver-bootstrap-executor-%d] INFO  c.n.d.s.r.aws.ConfigClusterResolver - Resolving eureka endpoints via configuration 
2025-04-21 08:15:11-262 [AsyncResolver-bootstrap-executor-%d] INFO  c.n.d.s.r.aws.ConfigClusterResolver - Resolving eureka endpoints via configuration 
2025-04-21 08:20:11-274 [AsyncResolver-bootstrap-executor-%d] INFO  c.n.d.s.r.aws.ConfigClusterResolver - Resolving eureka endpoints via configuration 
2025-04-21 08:25:11-276 [AsyncResolver-bootstrap-executor-%d] INFO  c.n.d.s.r.aws.ConfigClusterResolver - Resolving eureka endpoints via configuration 
2025-04-21 08:30:11-292 [AsyncResolver-bootstrap-executor-%d] INFO  c.n.d.s.r.aws.ConfigClusterResolver - Resolving eureka endpoints via configuration 
2025-04-21 08:35:11-306 [AsyncResolver-bootstrap-executor-%d] INFO  c.n.d.s.r.aws.ConfigClusterResolver - Resolving eureka endpoints via configuration 
2025-04-21 08:40:11-313 [AsyncResolver-bootstrap-executor-%d] INFO  c.n.d.s.r.aws.ConfigClusterResolver - Resolving eureka endpoints via configuration 
2025-04-21 08:45:11-318 [AsyncResolver-bootstrap-executor-%d] INFO  c.n.d.s.r.aws.ConfigClusterResolver - Resolving eureka endpoints via configuration 
2025-04-21 08:50:11-335 [AsyncResolver-bootstrap-executor-%d] INFO  c.n.d.s.r.aws.ConfigClusterResolver - Resolving eureka endpoints via configuration 
2025-04-21 08:55:11-339 [AsyncResolver-bootstrap-executor-%d] INFO  c.n.d.s.r.aws.ConfigClusterResolver - Resolving eureka endpoints via configuration 
2025-04-21 09:00:11-343 [AsyncResolver-bootstrap-executor-%d] INFO  c.n.d.s.r.aws.ConfigClusterResolver - Resolving eureka endpoints via configuration 
2025-04-21 09:05:11-352 [AsyncResolver-bootstrap-executor-%d] INFO  c.n.d.s.r.aws.ConfigClusterResolver - Resolving eureka endpoints via configuration 
2025-04-21 09:10:11-358 [AsyncResolver-bootstrap-executor-%d] INFO  c.n.d.s.r.aws.ConfigClusterResolver - Resolving eureka endpoints via configuration 
2025-04-21 09:15:11-372 [AsyncResolver-bootstrap-executor-%d] INFO  c.n.d.s.r.aws.ConfigClusterResolver - Resolving eureka endpoints via configuration 
2025-04-21 09:20:11-377 [AsyncResolver-bootstrap-executor-%d] INFO  c.n.d.s.r.aws.ConfigClusterResolver - Resolving eureka endpoints via configuration 
2025-04-21 09:25:11-391 [AsyncResolver-bootstrap-executor-%d] INFO  c.n.d.s.r.aws.ConfigClusterResolver - Resolving eureka endpoints via configuration 
2025-04-21 09:30:11-400 [AsyncResolver-bootstrap-executor-%d] INFO  c.n.d.s.r.aws.ConfigClusterResolver - Resolving eureka endpoints via configuration 
2025-04-21 09:35:11-414 [AsyncResolver-bootstrap-executor-%d] INFO  c.n.d.s.r.aws.ConfigClusterResolver - Resolving eureka endpoints via configuration 
2025-04-21 09:40:11-416 [AsyncResolver-bootstrap-executor-%d] INFO  c.n.d.s.r.aws.ConfigClusterResolver - Resolving eureka endpoints via configuration 
2025-04-21 09:45:11-422 [AsyncResolver-bootstrap-executor-%d] INFO  c.n.d.s.r.aws.ConfigClusterResolver - Resolving eureka endpoints via configuration 
2025-04-21 09:50:11-437 [AsyncResolver-bootstrap-executor-%d] INFO  c.n.d.s.r.aws.ConfigClusterResolver - Resolving eureka endpoints via configuration 
2025-04-21 09:55:11-446 [AsyncResolver-bootstrap-executor-%d] INFO  c.n.d.s.r.aws.ConfigClusterResolver - Resolving eureka endpoints via configuration 
2025-04-21 10:00:11-457 [AsyncResolver-bootstrap-executor-%d] INFO  c.n.d.s.r.aws.ConfigClusterResolver - Resolving eureka endpoints via configuration 
2025-04-21 10:05:11-466 [AsyncResolver-bootstrap-executor-%d] INFO  c.n.d.s.r.aws.ConfigClusterResolver - Resolving eureka endpoints via configuration 
2025-04-21 10:10:11-473 [AsyncResolver-bootstrap-executor-%d] INFO  c.n.d.s.r.aws.ConfigClusterResolver - Resolving eureka endpoints via configuration 
2025-04-21 10:15:11-474 [AsyncResolver-bootstrap-executor-%d] INFO  c.n.d.s.r.aws.ConfigClusterResolver - Resolving eureka endpoints via configuration 
2025-04-21 10:20:11-477 [AsyncResolver-bootstrap-executor-%d] INFO  c.n.d.s.r.aws.ConfigClusterResolver - Resolving eureka endpoints via configuration 
2025-04-21 10:25:11-485 [AsyncResolver-bootstrap-executor-%d] INFO  c.n.d.s.r.aws.ConfigClusterResolver - Resolving eureka endpoints via configuration 
2025-04-21 10:30:11-500 [AsyncResolver-bootstrap-executor-%d] INFO  c.n.d.s.r.aws.ConfigClusterResolver - Resolving eureka endpoints via configuration 
2025-04-21 10:35:11-515 [AsyncResolver-bootstrap-executor-%d] INFO  c.n.d.s.r.aws.ConfigClusterResolver - Resolving eureka endpoints via configuration 
2025-04-21 10:40:11-519 [AsyncResolver-bootstrap-executor-%d] INFO  c.n.d.s.r.aws.ConfigClusterResolver - Resolving eureka endpoints via configuration 
2025-04-21 10:45:11-523 [AsyncResolver-bootstrap-executor-%d] INFO  c.n.d.s.r.aws.ConfigClusterResolver - Resolving eureka endpoints via configuration 
2025-04-21 10:50:11-531 [AsyncResolver-bootstrap-executor-%d] INFO  c.n.d.s.r.aws.ConfigClusterResolver - Resolving eureka endpoints via configuration 
2025-04-21 10:55:11-533 [AsyncResolver-bootstrap-executor-%d] INFO  c.n.d.s.r.aws.ConfigClusterResolver - Resolving eureka endpoints via configuration 
2025-04-21 11:00:11-539 [AsyncResolver-bootstrap-executor-%d] INFO  c.n.d.s.r.aws.ConfigClusterResolver - Resolving eureka endpoints via configuration 
2025-04-21 11:05:11-556 [AsyncResolver-bootstrap-executor-%d] INFO  c.n.d.s.r.aws.ConfigClusterResolver - Resolving eureka endpoints via configuration 
2025-04-21 11:10:11-581 [AsyncResolver-bootstrap-executor-%d] INFO  c.n.d.s.r.aws.ConfigClusterResolver - Resolving eureka endpoints via configuration 
2025-04-21 11:15:11-594 [AsyncResolver-bootstrap-executor-%d] INFO  c.n.d.s.r.aws.ConfigClusterResolver - Resolving eureka endpoints via configuration 
2025-04-21 11:20:11-618 [AsyncResolver-bootstrap-executor-%d] INFO  c.n.d.s.r.aws.ConfigClusterResolver - Resolving eureka endpoints via configuration 
2025-04-21 11:25:11-625 [AsyncResolver-bootstrap-executor-%d] INFO  c.n.d.s.r.aws.ConfigClusterResolver - Resolving eureka endpoints via configuration 
2025-04-21 11:30:11-637 [AsyncResolver-bootstrap-executor-%d] INFO  c.n.d.s.r.aws.ConfigClusterResolver - Resolving eureka endpoints via configuration 
2025-04-21 11:35:11-651 [AsyncResolver-bootstrap-executor-%d] INFO  c.n.d.s.r.aws.ConfigClusterResolver - Resolving eureka endpoints via configuration 
2025-04-21 11:40:11-660 [AsyncResolver-bootstrap-executor-%d] INFO  c.n.d.s.r.aws.ConfigClusterResolver - Resolving eureka endpoints via configuration 
2025-04-21 11:45:11-668 [AsyncResolver-bootstrap-executor-%d] INFO  c.n.d.s.r.aws.ConfigClusterResolver - Resolving eureka endpoints via configuration 
2025-04-21 11:50:11-676 [AsyncResolver-bootstrap-executor-%d] INFO  c.n.d.s.r.aws.ConfigClusterResolver - Resolving eureka endpoints via configuration 
2025-04-21 12:28:27-342 [main] INFO  c.b.s.p.ServiceProductApplication - Starting ServiceProductApplication using Java 17.0.12 with PID 4828 (C:\Users\mgarcsar\Documents\Bootcamp\etregables\service-product\target\classes started by mgarcsar in C:\Users\mgarcsar\Documents\Bootcamp\etregables\service-product) 
2025-04-21 12:28:27-354 [main] INFO  c.b.s.p.ServiceProductApplication - The following 1 profile is active: "local" 
2025-04-21 12:28:27-422 [main] INFO  o.s.c.c.c.ConfigServerConfigDataLoader - Fetching config from server at : http://localhost:8888 
2025-04-21 12:28:27-422 [main] INFO  o.s.c.c.c.ConfigServerConfigDataLoader - Located environment: name=service-product, profiles=[default], label=null, version=5948961345ff92c7a8feec89a952e9773d3de713, state= 
2025-04-21 12:28:27-422 [main] INFO  o.s.c.c.c.ConfigServerConfigDataLoader - Fetching config from server at : http://localhost:8888 
2025-04-21 12:28:27-422 [main] INFO  o.s.c.c.c.ConfigServerConfigDataLoader - Located environment: name=service-product, profiles=[local], label=null, version=5948961345ff92c7a8feec89a952e9773d3de713, state= 
2025-04-21 12:28:29-459 [main] INFO  o.s.d.r.c.RepositoryConfigurationDelegate - Bootstrapping Spring Data Reactive MongoDB repositories in DEFAULT mode. 
2025-04-21 12:28:30-090 [main] INFO  o.s.d.r.c.RepositoryConfigurationDelegate - Finished Spring Data repository scanning in 608 ms. Found 3 Reactive MongoDB repository interfaces. 
2025-04-21 12:28:30-680 [main] INFO  o.s.cloud.context.scope.GenericScope - BeanFactory id=78a1a07c-c915-3651-bc84-a5005c7c67ff 
2025-04-21 12:28:31-970 [main] INFO  org.mongodb.driver.client - MongoClient with metadata {"driver": {"name": "mongo-java-driver|reactive-streams|spring-boot", "version": "5.2.1"}, "os": {"type": "Windows", "name": "Windows 10", "architecture": "amd64", "version": "10.0"}, "platform": "Java/Oracle Corporation/17.0.12+8-LTS-286"} created with settings MongoClientSettings{readPreference=primary, writeConcern=WriteConcern{w=null, wTimeout=null ms, journal=null}, retryWrites=true, retryReads=true, readConcern=ReadConcern{level=null}, credential=null, transportSettings=NettyTransportSettings{eventLoopGroup=io.netty.channel.nio.NioEventLoopGroup@2a075e70, socketChannelClass=null, allocator=null, sslContext=null}, commandListeners=[io.micrometer.core.instrument.binder.mongodb.MongoMetricsCommandListener@492c9892], codecRegistry=ProvidersCodecRegistry{codecProviders=[ValueCodecProvider{}, BsonValueCodecProvider{}, DBRefCodecProvider{}, DBObjectCodecProvider{}, DocumentCodecProvider{}, CollectionCodecProvider{}, IterableCodecProvider{}, MapCodecProvider{}, GeoJsonCodecProvider{}, GridFSFileCodecProvider{}, Jsr310CodecProvider{}, JsonObjectCodecProvider{}, BsonCodecProvider{}, EnumCodecProvider{}, com.mongodb.client.model.mql.ExpressionCodecProvider@533e2f4, com.mongodb.Jep395RecordCodecProvider@436a563f, com.mongodb.KotlinCodecProvider@538e74fc]}, loggerSettings=LoggerSettings{maxDocumentLength=1000}, clusterSettings={hosts=[localhost:27017], srvServiceName=mongodb, mode=SINGLE, requiredClusterType=UNKNOWN, requiredReplicaSetName='null', serverSelector='null', clusterListeners='[]', serverSelectionTimeout='30000 ms', localThreshold='15 ms'}, socketSettings=SocketSettings{connectTimeoutMS=10000, readTimeoutMS=0, receiveBufferSize=0, proxySettings=ProxySettings{host=null, port=null, username=null, password=null}}, heartbeatSocketSettings=SocketSettings{connectTimeoutMS=10000, readTimeoutMS=10000, receiveBufferSize=0, proxySettings=ProxySettings{host=null, port=null, username=null, password=null}}, connectionPoolSettings=ConnectionPoolSettings{maxSize=100, minSize=0, maxWaitTimeMS=120000, maxConnectionLifeTimeMS=0, maxConnectionIdleTimeMS=0, maintenanceInitialDelayMS=0, maintenanceFrequencyMS=60000, connectionPoolListeners=[io.micrometer.core.instrument.binder.mongodb.MongoMetricsConnectionPoolListener@7ecb9e17], maxConnecting=2}, serverSettings=ServerSettings{heartbeatFrequencyMS=10000, minHeartbeatFrequencyMS=500, serverMonitoringMode=AUTO, serverListeners='[]', serverMonitorListeners='[]'}, sslSettings=SslSettings{enabled=false, invalidHostNameAllowed=false, context=null}, applicationName='null', compressorList=[], uuidRepresentation=JAVA_LEGACY, serverApi=null, autoEncryptionSettings=null, dnsClient=null, inetAddressResolver=null, contextProvider=null, timeoutMS=null} 
2025-04-21 12:28:32-237 [cluster-ClusterId{value='6806803f3d478b7edd04688c', description='null'}-localhost:27017] INFO  org.mongodb.driver.cluster - Monitor thread successfully connected to server with description ServerDescription{address=localhost:27017, type=STANDALONE, cryptd=false, state=CONNECTED, ok=true, minWireVersion=0, maxWireVersion=25, maxDocumentSize=16777216, logicalSessionTimeoutMinutes=30, roundTripTimeNanos=81666600, minRoundTripTimeNanos=0} 
2025-04-21 12:28:34-810 [main] INFO  o.s.b.a.e.web.EndpointLinksResolver - Exposing 2 endpoints beneath base path '/actuator' 
2025-04-21 12:28:35-483 [main] INFO  o.s.c.n.e.c.DiscoveryClientOptionalArgsConfiguration - Eureka HTTP Client uses RestTemplate. 
2025-04-21 12:28:35-548 [main] WARN  o.s.c.l.c.LoadBalancerCacheAutoConfiguration$LoadBalancerCaffeineWarnLogger - Spring Cloud LoadBalancer is currently working with the default cache. While this cache implementation is useful for development and tests, it's recommended to use Caffeine cache in production.You can switch to using Caffeine cache, by adding it and org.springframework.cache.caffeine.CaffeineCacheManager to the classpath. 
2025-04-21 12:28:35-668 [main] INFO  o.s.c.n.eureka.InstanceInfoFactory - Setting initial instance status as: STARTING 
2025-04-21 12:28:35-703 [main] INFO  c.netflix.discovery.DiscoveryClient - Initializing Eureka in region us-east-1 
2025-04-21 12:28:35-713 [main] INFO  c.n.d.s.r.aws.ConfigClusterResolver - Resolving eureka endpoints via configuration 
2025-04-21 12:28:35-728 [main] INFO  c.netflix.discovery.DiscoveryClient - Disable delta property : false 
2025-04-21 12:28:35-729 [main] INFO  c.netflix.discovery.DiscoveryClient - Single vip registry refresh property : null 
2025-04-21 12:28:35-729 [main] INFO  c.netflix.discovery.DiscoveryClient - Force full registry fetch : false 
2025-04-21 12:28:35-729 [main] INFO  c.netflix.discovery.DiscoveryClient - Application is null : false 
2025-04-21 12:28:35-729 [main] INFO  c.netflix.discovery.DiscoveryClient - Registered Applications size is zero : true 
2025-04-21 12:28:35-729 [main] INFO  c.netflix.discovery.DiscoveryClient - Application version is -1: true 
2025-04-21 12:28:35-729 [main] INFO  c.netflix.discovery.DiscoveryClient - Getting all instance registry info from the eureka server 
2025-04-21 12:28:36-205 [main] INFO  c.netflix.discovery.DiscoveryClient - The response status is 200 
2025-04-21 12:28:36-211 [main] INFO  c.netflix.discovery.DiscoveryClient - Starting heartbeat executor: renew interval is: 30 
2025-04-21 12:28:36-217 [main] INFO  c.n.discovery.InstanceInfoReplicator - InstanceInfoReplicator onDemand update allowed rate per min is 4 
2025-04-21 12:28:36-220 [main] INFO  c.netflix.discovery.DiscoveryClient - Discovery Client initialized at timestamp 1745256516220 with initial instances count: 3 
2025-04-21 12:28:36-228 [main] INFO  o.s.c.n.e.s.EurekaServiceRegistry - Registering application SERVICE-PRODUCT with eureka with status UP 
2025-04-21 12:28:36-229 [main] INFO  c.netflix.discovery.DiscoveryClient - Saw local status change event StatusChangeEvent [timestamp=1745256516229, current=UP, previous=STARTING] 
2025-04-21 12:28:36-233 [DiscoveryClient-InstanceInfoReplicator-%d] INFO  c.netflix.discovery.DiscoveryClient - DiscoveryClient_SERVICE-PRODUCT/service-product:8383: registering service... 
2025-04-21 12:28:36-313 [DiscoveryClient-InstanceInfoReplicator-%d] INFO  c.netflix.discovery.DiscoveryClient - DiscoveryClient_SERVICE-PRODUCT/service-product:8383 - registration status: 204 
2025-04-21 12:28:36-357 [main] INFO  o.s.b.w.e.netty.NettyWebServer - Netty started on port 8383 (http) 
2025-04-21 12:28:36-360 [main] INFO  o.s.c.n.e.s.EurekaAutoServiceRegistration - Updating port to 8383 
2025-04-21 12:28:37-000 [main] INFO  c.b.s.p.ServiceProductApplication - Started ServiceProductApplication in 14.638 seconds (process running for 17.897) 
2025-04-21 12:33:35-739 [AsyncResolver-bootstrap-executor-%d] INFO  c.n.d.s.r.aws.ConfigClusterResolver - Resolving eureka endpoints via configuration 
2025-04-21 12:38:35-748 [AsyncResolver-bootstrap-executor-%d] INFO  c.n.d.s.r.aws.ConfigClusterResolver - Resolving eureka endpoints via configuration 
2025-04-21 12:43:35-764 [AsyncResolver-bootstrap-executor-%d] INFO  c.n.d.s.r.aws.ConfigClusterResolver - Resolving eureka endpoints via configuration 
2025-04-21 12:48:35-771 [AsyncResolver-bootstrap-executor-%d] INFO  c.n.d.s.r.aws.ConfigClusterResolver - Resolving eureka endpoints via configuration 
2025-04-21 12:53:35-778 [AsyncResolver-bootstrap-executor-%d] INFO  c.n.d.s.r.aws.ConfigClusterResolver - Resolving eureka endpoints via configuration 
2025-04-21 12:58:35-791 [AsyncResolver-bootstrap-executor-%d] INFO  c.n.d.s.r.aws.ConfigClusterResolver - Resolving eureka endpoints via configuration 
2025-04-21 13:03:35-796 [AsyncResolver-bootstrap-executor-%d] INFO  c.n.d.s.r.aws.ConfigClusterResolver - Resolving eureka endpoints via configuration 
2025-04-21 13:08:35-797 [AsyncResolver-bootstrap-executor-%d] INFO  c.n.d.s.r.aws.ConfigClusterResolver - Resolving eureka endpoints via configuration 
2025-04-21 13:13:35-808 [AsyncResolver-bootstrap-executor-%d] INFO  c.n.d.s.r.aws.ConfigClusterResolver - Resolving eureka endpoints via configuration 
2025-04-21 13:18:35-819 [AsyncResolver-bootstrap-executor-%d] INFO  c.n.d.s.r.aws.ConfigClusterResolver - Resolving eureka endpoints via configuration 
2025-04-21 13:23:35-830 [AsyncResolver-bootstrap-executor-%d] INFO  c.n.d.s.r.aws.ConfigClusterResolver - Resolving eureka endpoints via configuration 
2025-04-21 13:28:35-840 [AsyncResolver-bootstrap-executor-%d] INFO  c.n.d.s.r.aws.ConfigClusterResolver - Resolving eureka endpoints via configuration 
2025-04-21 13:33:35-855 [AsyncResolver-bootstrap-executor-%d] INFO  c.n.d.s.r.aws.ConfigClusterResolver - Resolving eureka endpoints via configuration 
2025-04-21 13:38:35-867 [AsyncResolver-bootstrap-executor-%d] INFO  c.n.d.s.r.aws.ConfigClusterResolver - Resolving eureka endpoints via configuration 
2025-04-21 13:43:35-875 [AsyncResolver-bootstrap-executor-%d] INFO  c.n.d.s.r.aws.ConfigClusterResolver - Resolving eureka endpoints via configuration 
2025-04-21 14:15:49-713 [AsyncResolver-bootstrap-executor-%d] INFO  c.n.d.s.r.aws.ConfigClusterResolver - Resolving eureka endpoints via configuration 
2025-04-21 14:20:49-729 [AsyncResolver-bootstrap-executor-%d] INFO  c.n.d.s.r.aws.ConfigClusterResolver - Resolving eureka endpoints via configuration 
2025-04-21 14:25:49-735 [AsyncResolver-bootstrap-executor-%d] INFO  c.n.d.s.r.aws.ConfigClusterResolver - Resolving eureka endpoints via configuration 
2025-04-21 14:30:49-746 [AsyncResolver-bootstrap-executor-%d] INFO  c.n.d.s.r.aws.ConfigClusterResolver - Resolving eureka endpoints via configuration 
2025-04-21 14:35:49-747 [AsyncResolver-bootstrap-executor-%d] INFO  c.n.d.s.r.aws.ConfigClusterResolver - Resolving eureka endpoints via configuration 
2025-04-21 14:40:49-756 [AsyncResolver-bootstrap-executor-%d] INFO  c.n.d.s.r.aws.ConfigClusterResolver - Resolving eureka endpoints via configuration 
2025-04-21 14:45:49-759 [AsyncResolver-bootstrap-executor-%d] INFO  c.n.d.s.r.aws.ConfigClusterResolver - Resolving eureka endpoints via configuration 
2025-04-21 14:50:49-772 [AsyncResolver-bootstrap-executor-%d] INFO  c.n.d.s.r.aws.ConfigClusterResolver - Resolving eureka endpoints via configuration 
2025-04-21 14:55:49-774 [AsyncResolver-bootstrap-executor-%d] INFO  c.n.d.s.r.aws.ConfigClusterResolver - Resolving eureka endpoints via configuration 
2025-04-21 15:00:49-791 [AsyncResolver-bootstrap-executor-%d] INFO  c.n.d.s.r.aws.ConfigClusterResolver - Resolving eureka endpoints via configuration 
2025-04-21 15:05:49-804 [AsyncResolver-bootstrap-executor-%d] INFO  c.n.d.s.r.aws.ConfigClusterResolver - Resolving eureka endpoints via configuration 
2025-04-21 15:10:49-812 [AsyncResolver-bootstrap-executor-%d] INFO  c.n.d.s.r.aws.ConfigClusterResolver - Resolving eureka endpoints via configuration 
2025-04-21 15:15:49-825 [AsyncResolver-bootstrap-executor-%d] INFO  c.n.d.s.r.aws.ConfigClusterResolver - Resolving eureka endpoints via configuration 
2025-04-21 15:20:49-866 [AsyncResolver-bootstrap-executor-%d] INFO  c.n.d.s.r.aws.ConfigClusterResolver - Resolving eureka endpoints via configuration 
2025-04-21 15:25:49-877 [AsyncResolver-bootstrap-executor-%d] INFO  c.n.d.s.r.aws.ConfigClusterResolver - Resolving eureka endpoints via configuration 
2025-04-21 15:30:49-882 [AsyncResolver-bootstrap-executor-%d] INFO  c.n.d.s.r.aws.ConfigClusterResolver - Resolving eureka endpoints via configuration 
2025-04-21 15:35:49-892 [AsyncResolver-bootstrap-executor-%d] INFO  c.n.d.s.r.aws.ConfigClusterResolver - Resolving eureka endpoints via configuration 
2025-04-21 15:40:49-909 [AsyncResolver-bootstrap-executor-%d] INFO  c.n.d.s.r.aws.ConfigClusterResolver - Resolving eureka endpoints via configuration 
2025-04-21 15:45:49-922 [AsyncResolver-bootstrap-executor-%d] INFO  c.n.d.s.r.aws.ConfigClusterResolver - Resolving eureka endpoints via configuration 
2025-04-21 15:50:49-926 [AsyncResolver-bootstrap-executor-%d] INFO  c.n.d.s.r.aws.ConfigClusterResolver - Resolving eureka endpoints via configuration 
2025-04-21 15:55:49-946 [AsyncResolver-bootstrap-executor-%d] INFO  c.n.d.s.r.aws.ConfigClusterResolver - Resolving eureka endpoints via configuration 
2025-04-21 16:00:49-953 [AsyncResolver-bootstrap-executor-%d] INFO  c.n.d.s.r.aws.ConfigClusterResolver - Resolving eureka endpoints via configuration 
2025-04-21 16:05:49-964 [AsyncResolver-bootstrap-executor-%d] INFO  c.n.d.s.r.aws.ConfigClusterResolver - Resolving eureka endpoints via configuration 
2025-04-21 16:10:49-973 [AsyncResolver-bootstrap-executor-%d] INFO  c.n.d.s.r.aws.ConfigClusterResolver - Resolving eureka endpoints via configuration 
2025-04-21 16:15:49-979 [AsyncResolver-bootstrap-executor-%d] INFO  c.n.d.s.r.aws.ConfigClusterResolver - Resolving eureka endpoints via configuration 
2025-04-21 16:20:49-982 [AsyncResolver-bootstrap-executor-%d] INFO  c.n.d.s.r.aws.ConfigClusterResolver - Resolving eureka endpoints via configuration 
2025-04-21 16:25:49-998 [AsyncResolver-bootstrap-executor-%d] INFO  c.n.d.s.r.aws.ConfigClusterResolver - Resolving eureka endpoints via configuration 
2025-04-21 16:30:49-999 [AsyncResolver-bootstrap-executor-%d] INFO  c.n.d.s.r.aws.ConfigClusterResolver - Resolving eureka endpoints via configuration 
2025-04-21 16:35:50-001 [AsyncResolver-bootstrap-executor-%d] INFO  c.n.d.s.r.aws.ConfigClusterResolver - Resolving eureka endpoints via configuration 
2025-04-21 16:40:50-010 [AsyncResolver-bootstrap-executor-%d] INFO  c.n.d.s.r.aws.ConfigClusterResolver - Resolving eureka endpoints via configuration 
2025-04-21 16:45:50-031 [AsyncResolver-bootstrap-executor-%d] INFO  c.n.d.s.r.aws.ConfigClusterResolver - Resolving eureka endpoints via configuration 
2025-04-21 16:50:50-052 [AsyncResolver-bootstrap-executor-%d] INFO  c.n.d.s.r.aws.ConfigClusterResolver - Resolving eureka endpoints via configuration 
2025-04-21 16:55:50-062 [AsyncResolver-bootstrap-executor-%d] INFO  c.n.d.s.r.aws.ConfigClusterResolver - Resolving eureka endpoints via configuration 
2025-04-21 22:30:17-814 [main] INFO  c.b.s.p.ServiceProductApplication - Starting ServiceProductApplication using Java 17.0.12 with PID 19068 (C:\Users\mgarcsar\Documents\Bootcamp\etregables\service-product\target\classes started by mgarcsar in C:\Users\mgarcsar\Documents\Bootcamp\etregables\service-product) 
2025-04-21 22:30:17-820 [main] INFO  c.b.s.p.ServiceProductApplication - The following 1 profile is active: "local" 
2025-04-21 22:30:17-918 [main] INFO  o.s.c.c.c.ConfigServerConfigDataLoader - Fetching config from server at : http://localhost:8888 
2025-04-21 22:30:17-918 [main] INFO  o.s.c.c.c.ConfigServerConfigDataLoader - Located environment: name=service-product, profiles=[default], label=null, version=12283b2c9ddc58944bb54471e829cf5419133ea3, state= 
2025-04-21 22:30:17-919 [main] INFO  o.s.c.c.c.ConfigServerConfigDataLoader - Fetching config from server at : http://localhost:8888 
2025-04-21 22:30:17-919 [main] INFO  o.s.c.c.c.ConfigServerConfigDataLoader - Located environment: name=service-product, profiles=[local], label=null, version=12283b2c9ddc58944bb54471e829cf5419133ea3, state= 
2025-04-21 22:30:19-858 [main] INFO  o.s.d.r.c.RepositoryConfigurationDelegate - Bootstrapping Spring Data Reactive MongoDB repositories in DEFAULT mode. 
2025-04-21 22:30:20-152 [main] INFO  o.s.d.r.c.RepositoryConfigurationDelegate - Finished Spring Data repository scanning in 281 ms. Found 3 Reactive MongoDB repository interfaces. 
2025-04-21 22:30:20-570 [main] INFO  o.s.cloud.context.scope.GenericScope - BeanFactory id=78a1a07c-c915-3651-bc84-a5005c7c67ff 
2025-04-21 22:30:22-265 [main] INFO  org.mongodb.driver.client - MongoClient with metadata {"driver": {"name": "mongo-java-driver|reactive-streams|spring-boot", "version": "5.2.1"}, "os": {"type": "Windows", "name": "Windows 10", "architecture": "amd64", "version": "10.0"}, "platform": "Java/Oracle Corporation/17.0.12+8-LTS-286"} created with settings MongoClientSettings{readPreference=primary, writeConcern=WriteConcern{w=null, wTimeout=null ms, journal=null}, retryWrites=true, retryReads=true, readConcern=ReadConcern{level=null}, credential=null, transportSettings=NettyTransportSettings{eventLoopGroup=io.netty.channel.nio.NioEventLoopGroup@4ac19bc6, socketChannelClass=null, allocator=null, sslContext=null}, commandListeners=[io.micrometer.core.instrument.binder.mongodb.MongoMetricsCommandListener@2a075e70], codecRegistry=ProvidersCodecRegistry{codecProviders=[ValueCodecProvider{}, BsonValueCodecProvider{}, DBRefCodecProvider{}, DBObjectCodecProvider{}, DocumentCodecProvider{}, CollectionCodecProvider{}, IterableCodecProvider{}, MapCodecProvider{}, GeoJsonCodecProvider{}, GridFSFileCodecProvider{}, Jsr310CodecProvider{}, JsonObjectCodecProvider{}, BsonCodecProvider{}, EnumCodecProvider{}, com.mongodb.client.model.mql.ExpressionCodecProvider@492c9892, com.mongodb.Jep395RecordCodecProvider@533e2f4, com.mongodb.KotlinCodecProvider@436a563f]}, loggerSettings=LoggerSettings{maxDocumentLength=1000}, clusterSettings={hosts=[localhost:27017], srvServiceName=mongodb, mode=SINGLE, requiredClusterType=UNKNOWN, requiredReplicaSetName='null', serverSelector='null', clusterListeners='[]', serverSelectionTimeout='30000 ms', localThreshold='15 ms'}, socketSettings=SocketSettings{connectTimeoutMS=10000, readTimeoutMS=0, receiveBufferSize=0, proxySettings=ProxySettings{host=null, port=null, username=null, password=null}}, heartbeatSocketSettings=SocketSettings{connectTimeoutMS=10000, readTimeoutMS=10000, receiveBufferSize=0, proxySettings=ProxySettings{host=null, port=null, username=null, password=null}}, connectionPoolSettings=ConnectionPoolSettings{maxSize=100, minSize=0, maxWaitTimeMS=120000, maxConnectionLifeTimeMS=0, maxConnectionIdleTimeMS=0, maintenanceInitialDelayMS=0, maintenanceFrequencyMS=60000, connectionPoolListeners=[io.micrometer.core.instrument.binder.mongodb.MongoMetricsConnectionPoolListener@538e74fc], maxConnecting=2}, serverSettings=ServerSettings{heartbeatFrequencyMS=10000, minHeartbeatFrequencyMS=500, serverMonitoringMode=AUTO, serverListeners='[]', serverMonitorListeners='[]'}, sslSettings=SslSettings{enabled=false, invalidHostNameAllowed=false, context=null}, applicationName='null', compressorList=[], uuidRepresentation=JAVA_LEGACY, serverApi=null, autoEncryptionSettings=null, dnsClient=null, inetAddressResolver=null, contextProvider=null, timeoutMS=null} 
2025-04-21 22:30:22-508 [cluster-ClusterId{value='68070d4d576d2237154e478f', description='null'}-localhost:27017] INFO  org.mongodb.driver.cluster - Monitor thread successfully connected to server with description ServerDescription{address=localhost:27017, type=STANDALONE, cryptd=false, state=CONNECTED, ok=true, minWireVersion=0, maxWireVersion=25, maxDocumentSize=16777216, logicalSessionTimeoutMinutes=30, roundTripTimeNanos=94048700, minRoundTripTimeNanos=0} 
2025-04-21 22:30:25-198 [main] INFO  o.s.b.a.e.web.EndpointLinksResolver - Exposing 2 endpoints beneath base path '/actuator' 
2025-04-21 22:30:26-194 [main] INFO  o.s.c.n.e.c.DiscoveryClientOptionalArgsConfiguration - Eureka HTTP Client uses RestTemplate. 
2025-04-21 22:30:26-307 [main] WARN  o.s.c.l.c.LoadBalancerCacheAutoConfiguration$LoadBalancerCaffeineWarnLogger - Spring Cloud LoadBalancer is currently working with the default cache. While this cache implementation is useful for development and tests, it's recommended to use Caffeine cache in production.You can switch to using Caffeine cache, by adding it and org.springframework.cache.caffeine.CaffeineCacheManager to the classpath. 
2025-04-21 22:30:26-506 [main] INFO  o.s.c.n.eureka.InstanceInfoFactory - Setting initial instance status as: STARTING 
2025-04-21 22:30:26-566 [main] INFO  c.netflix.discovery.DiscoveryClient - Initializing Eureka in region us-east-1 
2025-04-21 22:30:26-572 [main] INFO  c.n.d.s.r.aws.ConfigClusterResolver - Resolving eureka endpoints via configuration 
2025-04-21 22:30:26-589 [main] INFO  c.netflix.discovery.DiscoveryClient - Disable delta property : false 
2025-04-21 22:30:26-589 [main] INFO  c.netflix.discovery.DiscoveryClient - Single vip registry refresh property : null 
2025-04-21 22:30:26-589 [main] INFO  c.netflix.discovery.DiscoveryClient - Force full registry fetch : false 
2025-04-21 22:30:26-589 [main] INFO  c.netflix.discovery.DiscoveryClient - Application is null : false 
2025-04-21 22:30:26-589 [main] INFO  c.netflix.discovery.DiscoveryClient - Registered Applications size is zero : true 
2025-04-21 22:30:26-590 [main] INFO  c.netflix.discovery.DiscoveryClient - Application version is -1: true 
2025-04-21 22:30:26-590 [main] INFO  c.netflix.discovery.DiscoveryClient - Getting all instance registry info from the eureka server 
2025-04-21 22:30:27-262 [main] INFO  c.netflix.discovery.DiscoveryClient - The response status is 200 
2025-04-21 22:30:27-269 [main] INFO  c.netflix.discovery.DiscoveryClient - Starting heartbeat executor: renew interval is: 30 
2025-04-21 22:30:27-275 [main] INFO  c.n.discovery.InstanceInfoReplicator - InstanceInfoReplicator onDemand update allowed rate per min is 4 
2025-04-21 22:30:27-281 [main] INFO  c.netflix.discovery.DiscoveryClient - Discovery Client initialized at timestamp 1745292627280 with initial instances count: 3 
2025-04-21 22:30:27-290 [main] INFO  o.s.c.n.e.s.EurekaServiceRegistry - Registering application SERVICE-PRODUCT with eureka with status UP 
2025-04-21 22:30:27-292 [main] INFO  c.netflix.discovery.DiscoveryClient - Saw local status change event StatusChangeEvent [timestamp=1745292627292, current=UP, previous=STARTING] 
2025-04-21 22:30:27-297 [DiscoveryClient-InstanceInfoReplicator-%d] INFO  c.netflix.discovery.DiscoveryClient - DiscoveryClient_SERVICE-PRODUCT/service-product:8383: registering service... 
2025-04-21 22:30:27-408 [DiscoveryClient-InstanceInfoReplicator-%d] INFO  c.netflix.discovery.DiscoveryClient - DiscoveryClient_SERVICE-PRODUCT/service-product:8383 - registration status: 204 
2025-04-21 22:30:27-456 [main] INFO  o.s.b.w.e.netty.NettyWebServer - Netty started on port 8383 (http) 
2025-04-21 22:30:27-459 [main] INFO  o.s.c.n.e.s.EurekaAutoServiceRegistration - Updating port to 8383 
2025-04-21 22:30:28-086 [main] INFO  c.b.s.p.ServiceProductApplication - Started ServiceProductApplication in 14.484 seconds (process running for 16.65) 
2025-04-21 22:31:46-845 [SpringApplicationShutdownHook] INFO  o.s.c.n.e.s.EurekaServiceRegistry - Unregistering application SERVICE-PRODUCT with eureka with status DOWN 
2025-04-21 22:31:46-846 [SpringApplicationShutdownHook] INFO  c.netflix.discovery.DiscoveryClient - Saw local status change event StatusChangeEvent [timestamp=1745292706846, current=DOWN, previous=UP] 
2025-04-21 22:31:46-847 [DiscoveryClient-InstanceInfoReplicator-%d] INFO  c.netflix.discovery.DiscoveryClient - DiscoveryClient_SERVICE-PRODUCT/service-product:8383: registering service... 
2025-04-21 22:31:46-851 [SpringApplicationShutdownHook] INFO  o.s.b.w.e.netty.GracefulShutdown - Commencing graceful shutdown. Waiting for active requests to complete 
2025-04-21 22:31:46-862 [DiscoveryClient-InstanceInfoReplicator-%d] INFO  c.netflix.discovery.DiscoveryClient - DiscoveryClient_SERVICE-PRODUCT/service-product:8383 - registration status: 204 
2025-04-21 22:31:46-864 [netty-shutdown] INFO  o.s.b.w.e.netty.GracefulShutdown - Graceful shutdown complete 
2025-04-21 22:32:00-602 [main] INFO  c.b.s.p.ServiceProductApplication - Starting ServiceProductApplication using Java 17.0.12 with PID 4880 (C:\Users\mgarcsar\Documents\Bootcamp\etregables\service-product\target\classes started by mgarcsar in C:\Users\mgarcsar\Documents\Bootcamp\etregables\service-product) 
2025-04-21 22:32:00-605 [main] INFO  c.b.s.p.ServiceProductApplication - The following 1 profile is active: "local" 
2025-04-21 22:32:00-686 [main] INFO  o.s.c.c.c.ConfigServerConfigDataLoader - Fetching config from server at : http://localhost:8888 
2025-04-21 22:32:00-686 [main] INFO  o.s.c.c.c.ConfigServerConfigDataLoader - Located environment: name=service-product, profiles=[default], label=null, version=12283b2c9ddc58944bb54471e829cf5419133ea3, state= 
2025-04-21 22:32:00-687 [main] INFO  o.s.c.c.c.ConfigServerConfigDataLoader - Fetching config from server at : http://localhost:8888 
2025-04-21 22:32:00-687 [main] INFO  o.s.c.c.c.ConfigServerConfigDataLoader - Located environment: name=service-product, profiles=[local], label=null, version=12283b2c9ddc58944bb54471e829cf5419133ea3, state= 
2025-04-21 22:32:02-862 [main] INFO  o.s.d.r.c.RepositoryConfigurationDelegate - Bootstrapping Spring Data Reactive MongoDB repositories in DEFAULT mode. 
2025-04-21 22:32:03-213 [main] INFO  o.s.d.r.c.RepositoryConfigurationDelegate - Finished Spring Data repository scanning in 334 ms. Found 3 Reactive MongoDB repository interfaces. 
2025-04-21 22:32:03-575 [main] INFO  o.s.cloud.context.scope.GenericScope - BeanFactory id=78a1a07c-c915-3651-bc84-a5005c7c67ff 
2025-04-21 22:32:04-958 [main] INFO  org.mongodb.driver.client - MongoClient with metadata {"driver": {"name": "mongo-java-driver|reactive-streams|spring-boot", "version": "5.2.1"}, "os": {"type": "Windows", "name": "Windows 10", "architecture": "amd64", "version": "10.0"}, "platform": "Java/Oracle Corporation/17.0.12+8-LTS-286"} created with settings MongoClientSettings{readPreference=primary, writeConcern=WriteConcern{w=null, wTimeout=null ms, journal=null}, retryWrites=true, retryReads=true, readConcern=ReadConcern{level=null}, credential=null, transportSettings=NettyTransportSettings{eventLoopGroup=io.netty.channel.nio.NioEventLoopGroup@2a075e70, socketChannelClass=null, allocator=null, sslContext=null}, commandListeners=[io.micrometer.core.instrument.binder.mongodb.MongoMetricsCommandListener@492c9892], codecRegistry=ProvidersCodecRegistry{codecProviders=[ValueCodecProvider{}, BsonValueCodecProvider{}, DBRefCodecProvider{}, DBObjectCodecProvider{}, DocumentCodecProvider{}, CollectionCodecProvider{}, IterableCodecProvider{}, MapCodecProvider{}, GeoJsonCodecProvider{}, GridFSFileCodecProvider{}, Jsr310CodecProvider{}, JsonObjectCodecProvider{}, BsonCodecProvider{}, EnumCodecProvider{}, com.mongodb.client.model.mql.ExpressionCodecProvider@533e2f4, com.mongodb.Jep395RecordCodecProvider@436a563f, com.mongodb.KotlinCodecProvider@538e74fc]}, loggerSettings=LoggerSettings{maxDocumentLength=1000}, clusterSettings={hosts=[localhost:27017], srvServiceName=mongodb, mode=SINGLE, requiredClusterType=UNKNOWN, requiredReplicaSetName='null', serverSelector='null', clusterListeners='[]', serverSelectionTimeout='30000 ms', localThreshold='15 ms'}, socketSettings=SocketSettings{connectTimeoutMS=10000, readTimeoutMS=0, receiveBufferSize=0, proxySettings=ProxySettings{host=null, port=null, username=null, password=null}}, heartbeatSocketSettings=SocketSettings{connectTimeoutMS=10000, readTimeoutMS=10000, receiveBufferSize=0, proxySettings=ProxySettings{host=null, port=null, username=null, password=null}}, connectionPoolSettings=ConnectionPoolSettings{maxSize=100, minSize=0, maxWaitTimeMS=120000, maxConnectionLifeTimeMS=0, maxConnectionIdleTimeMS=0, maintenanceInitialDelayMS=0, maintenanceFrequencyMS=60000, connectionPoolListeners=[io.micrometer.core.instrument.binder.mongodb.MongoMetricsConnectionPoolListener@7ecb9e17], maxConnecting=2}, serverSettings=ServerSettings{heartbeatFrequencyMS=10000, minHeartbeatFrequencyMS=500, serverMonitoringMode=AUTO, serverListeners='[]', serverMonitorListeners='[]'}, sslSettings=SslSettings{enabled=false, invalidHostNameAllowed=false, context=null}, applicationName='null', compressorList=[], uuidRepresentation=JAVA_LEGACY, serverApi=null, autoEncryptionSettings=null, dnsClient=null, inetAddressResolver=null, contextProvider=null, timeoutMS=null} 
2025-04-21 22:32:05-288 [cluster-ClusterId{value='68070db4424dd20ca6d26e8f', description='null'}-localhost:27017] INFO  org.mongodb.driver.cluster - Monitor thread successfully connected to server with description ServerDescription{address=localhost:27017, type=STANDALONE, cryptd=false, state=CONNECTED, ok=true, minWireVersion=0, maxWireVersion=25, maxDocumentSize=16777216, logicalSessionTimeoutMinutes=30, roundTripTimeNanos=103055200, minRoundTripTimeNanos=0} 
2025-04-21 22:32:08-331 [main] INFO  o.s.b.a.e.web.EndpointLinksResolver - Exposing 2 endpoints beneath base path '/actuator' 
2025-04-21 22:32:09-133 [main] INFO  o.s.c.n.e.c.DiscoveryClientOptionalArgsConfiguration - Eureka HTTP Client uses RestTemplate. 
2025-04-21 22:32:09-210 [main] WARN  o.s.c.l.c.LoadBalancerCacheAutoConfiguration$LoadBalancerCaffeineWarnLogger - Spring Cloud LoadBalancer is currently working with the default cache. While this cache implementation is useful for development and tests, it's recommended to use Caffeine cache in production.You can switch to using Caffeine cache, by adding it and org.springframework.cache.caffeine.CaffeineCacheManager to the classpath. 
2025-04-21 22:32:09-335 [main] INFO  o.s.c.n.eureka.InstanceInfoFactory - Setting initial instance status as: STARTING 
2025-04-21 22:32:09-386 [main] INFO  c.netflix.discovery.DiscoveryClient - Initializing Eureka in region us-east-1 
2025-04-21 22:32:09-396 [main] INFO  c.n.d.s.r.aws.ConfigClusterResolver - Resolving eureka endpoints via configuration 
2025-04-21 22:32:09-416 [main] INFO  c.netflix.discovery.DiscoveryClient - Disable delta property : false 
2025-04-21 22:32:09-416 [main] INFO  c.netflix.discovery.DiscoveryClient - Single vip registry refresh property : null 
2025-04-21 22:32:09-417 [main] INFO  c.netflix.discovery.DiscoveryClient - Force full registry fetch : false 
2025-04-21 22:32:09-417 [main] INFO  c.netflix.discovery.DiscoveryClient - Application is null : false 
2025-04-21 22:32:09-418 [main] INFO  c.netflix.discovery.DiscoveryClient - Registered Applications size is zero : true 
2025-04-21 22:32:09-418 [main] INFO  c.netflix.discovery.DiscoveryClient - Application version is -1: true 
2025-04-21 22:32:09-418 [main] INFO  c.netflix.discovery.DiscoveryClient - Getting all instance registry info from the eureka server 
2025-04-21 22:32:09-896 [main] INFO  c.netflix.discovery.DiscoveryClient - The response status is 200 
2025-04-21 22:32:09-902 [main] INFO  c.netflix.discovery.DiscoveryClient - Starting heartbeat executor: renew interval is: 30 
2025-04-21 22:32:09-908 [main] INFO  c.n.discovery.InstanceInfoReplicator - InstanceInfoReplicator onDemand update allowed rate per min is 4 
2025-04-21 22:32:09-911 [main] INFO  c.netflix.discovery.DiscoveryClient - Discovery Client initialized at timestamp 1745292729910 with initial instances count: 4 
2025-04-21 22:32:09-917 [main] INFO  o.s.c.n.e.s.EurekaServiceRegistry - Registering application SERVICE-PRODUCT with eureka with status UP 
2025-04-21 22:32:09-918 [main] INFO  c.netflix.discovery.DiscoveryClient - Saw local status change event StatusChangeEvent [timestamp=1745292729918, current=UP, previous=STARTING] 
2025-04-21 22:32:09-921 [DiscoveryClient-InstanceInfoReplicator-%d] INFO  c.netflix.discovery.DiscoveryClient - DiscoveryClient_SERVICE-PRODUCT/service-product:8383: registering service... 
2025-04-21 22:32:10-011 [DiscoveryClient-InstanceInfoReplicator-%d] INFO  c.netflix.discovery.DiscoveryClient - DiscoveryClient_SERVICE-PRODUCT/service-product:8383 - registration status: 204 
2025-04-21 22:32:10-050 [main] INFO  o.s.b.w.e.netty.NettyWebServer - Netty started on port 8383 (http) 
2025-04-21 22:32:10-053 [main] INFO  o.s.c.n.e.s.EurekaAutoServiceRegistration - Updating port to 8383 
2025-04-21 22:32:10-820 [main] INFO  c.b.s.p.ServiceProductApplication - Started ServiceProductApplication in 15.808 seconds (process running for 17.807) 
2025-04-21 22:33:07-032 [reactor-http-nio-2] INFO  c.b.s.p.e.ServiceProductDelegateImpl - -> Init get products by customer Id 
2025-04-21 22:33:07-220 [reactor-http-nio-2] INFO  c.b.s.p.s.impl.ProductServiceImpl - Searching products of customer: 67ec1a63fabf6d0f4ada9866 
2025-04-21 22:33:07-775 [nioEventLoopGroup-3-3] INFO  c.b.s.p.s.impl.ProductServiceImpl - Products found for customer: 67ec1a63fabf6d0f4ada9866 
2025-04-21 22:34:21-349 [reactor-http-nio-2] INFO  c.b.s.p.e.ServiceProductDelegateImpl - -> Init get products by customer Id 
2025-04-21 22:34:21-354 [reactor-http-nio-2] INFO  c.b.s.p.s.impl.ProductServiceImpl - Searching products of customer: 67ec1a63fabf6d0f4ada9866 
2025-04-21 22:34:21-369 [nioEventLoopGroup-3-3] INFO  c.b.s.p.s.impl.ProductServiceImpl - Products found for customer: 67ec1a63fabf6d0f4ada9866 
2025-04-21 22:34:25-769 [reactor-http-nio-2] INFO  c.b.s.p.e.ServiceProductDelegateImpl - -> Init get products by customer Id 
2025-04-21 22:34:25-772 [reactor-http-nio-2] INFO  c.b.s.p.s.impl.ProductServiceImpl - Searching products of customer: 67ec1a63fabf6d0f4ada9866 
2025-04-21 22:34:25-781 [nioEventLoopGroup-3-3] INFO  c.b.s.p.s.impl.ProductServiceImpl - Products found for customer: 67ec1a63fabf6d0f4ada9866 
2025-04-21 22:34:37-959 [reactor-http-nio-2] INFO  c.b.s.p.e.ServiceProductDelegateImpl - -> Init get products by customer Id 
2025-04-21 22:34:37-963 [reactor-http-nio-2] INFO  c.b.s.p.s.impl.ProductServiceImpl - Searching products of customer: 67ec1a63fabf6d0f4ada9866 
2025-04-21 22:34:37-975 [nioEventLoopGroup-3-3] INFO  c.b.s.p.s.impl.ProductServiceImpl - Products found for customer: 67ec1a63fabf6d0f4ada9866 
2025-04-21 22:37:09-428 [AsyncResolver-bootstrap-executor-%d] INFO  c.n.d.s.r.aws.ConfigClusterResolver - Resolving eureka endpoints via configuration 
2025-04-21 22:42:09-437 [AsyncResolver-bootstrap-executor-%d] INFO  c.n.d.s.r.aws.ConfigClusterResolver - Resolving eureka endpoints via configuration 
2025-04-21 22:45:14-324 [reactor-http-nio-3] INFO  c.b.s.p.e.ServiceProductDelegateImpl - -> Init get products by customer Id 
2025-04-21 22:45:14-330 [reactor-http-nio-3] INFO  c.b.s.p.s.impl.ProductServiceImpl - Searching products of customer: 67ec1a63fabf6d0f4ada9866 
2025-04-21 22:45:14-343 [nioEventLoopGroup-3-3] INFO  c.b.s.p.s.impl.ProductServiceImpl - Products found for customer: 67ec1a63fabf6d0f4ada9866 
2025-04-21 22:45:32-784 [reactor-http-nio-3] INFO  c.b.s.p.e.ServiceProductDelegateImpl - -> Init get products by customer Id 
2025-04-21 22:45:32-788 [reactor-http-nio-3] INFO  c.b.s.p.s.impl.ProductServiceImpl - Searching products of customer: 67ec1a63fabf6d0f4ada9866 
2025-04-21 22:45:32-798 [nioEventLoopGroup-3-3] INFO  c.b.s.p.s.impl.ProductServiceImpl - Products found for customer: 67ec1a63fabf6d0f4ada9866 
2025-04-21 22:45:40-965 [reactor-http-nio-3] INFO  c.b.s.p.e.ServiceProductDelegateImpl - -> Init get products by customer Id 
2025-04-21 22:45:40-969 [reactor-http-nio-3] INFO  c.b.s.p.s.impl.ProductServiceImpl - Searching products of customer: 67ec1a63fabf6d0f4ada9866 
2025-04-21 22:45:40-984 [nioEventLoopGroup-3-3] INFO  c.b.s.p.s.impl.ProductServiceImpl - Products found for customer: 67ec1a63fabf6d0f4ada9866 
2025-04-21 22:45:47-584 [reactor-http-nio-3] INFO  c.b.s.p.e.ServiceProductDelegateImpl - -> Init get products by customer Id 
2025-04-21 22:45:47-589 [reactor-http-nio-3] INFO  c.b.s.p.s.impl.ProductServiceImpl - Searching products of customer: 67ec1a63fabf6d0f4ada9866 
2025-04-21 22:45:47-601 [nioEventLoopGroup-3-3] INFO  c.b.s.p.s.impl.ProductServiceImpl - Products found for customer: 67ec1a63fabf6d0f4ada9866 
2025-04-21 22:46:02-084 [reactor-http-nio-3] INFO  c.b.s.p.e.ServiceProductDelegateImpl - -> Get Product by id  
2025-04-21 22:46:02-130 [reactor-http-nio-3] INFO  c.b.s.p.s.impl.ProductServiceImpl - Getting product by id 
2025-04-21 22:46:02-162 [nioEventLoopGroup-3-3] INFO  c.b.s.p.s.impl.ProductServiceImpl - Success product by id {"id":"67fec9835c652468edc457d0","status":"ENABLED","productType":"CA","amountOfOpen":1000.0,"accountNumber":"CA01-3433862793","hasPlasticCard":false,"balance":{"creditLimit":0.0,"creditLimitUsed":0.0,"creditEnabledToUse":0.0,"totalAmountInAccount":980.0},"customer":{"customerId":"67ec1a63fabf6d0f4ada9866","customerType":"B"},"holders":[{"fullName":"ABRAHAM  BERMEJO","email":"mail@gmail.commmm","phone":"11111","identification":{"typeIdentification":"DNI","numberIdentification":"444"}}],"authorizedSignatories":[{"fullName":"VERONICA ARANGO YAMASHIRO","email":"mail@gmail.commmm","phone":"2222222","identification":{"typeIdentification":"DNI","numberIdentification":"22222"}}],"auditData":{"createdAt":[2025,4,15],"updatedAt":[2025,4,15]}} 
2025-04-21 22:46:56-362 [reactor-http-nio-3] INFO  c.b.s.p.e.ServiceProductDelegateImpl - -> Get Product by id  
2025-04-21 22:46:56-366 [reactor-http-nio-3] INFO  c.b.s.p.s.impl.ProductServiceImpl - Getting product by id 
2025-04-21 22:46:56-392 [nioEventLoopGroup-3-3] INFO  c.b.s.p.s.impl.ProductServiceImpl - Success product by id {"id":"67f9cc806e374c0902dcdb73","status":"ENABLED","productType":"SA","amountOfOpen":10.0,"accountNumber":"SA01-7689199523","plasticCardId":"67fd7f29c1328463019a244a","hasPlasticCard":true,"balance":{"creditLimit":0.0,"creditLimitUsed":0.0,"creditEnabledToUse":0.0,"totalAmountInAccount":505.0},"customer":{"customerId":"67ec1a41fabf6d0f4ada9865","customerType":"P"},"auditData":{"createdAt":[2025,4,12],"updatedAt":[2025,4,12],"createdBy":"admin"}} 
2025-04-21 22:46:56-565 [reactor-http-nio-3] INFO  c.b.s.p.e.ServiceProductDelegateImpl - -> Update product: 67f9cc806e374c0902dcdb73, {"actionToUpdate":"CHANGE_HOLDERS","holders":[{"fullName":"ANA  BERMEJO","email":"mail@gmail.commmm","phone":"11111","identification":{"typeIdentification":"DNI","numberIdentification":"444"}}]} 
2025-04-21 22:46:56-606 [nioEventLoopGroup-3-3] INFO  c.b.s.p.s.impl.ProductServiceImpl - Product found to update {"id":"67f9cc806e374c0902dcdb73","status":"ENABLED","productType":"SA","amountOfOpen":10.0,"accountNumber":"SA01-7689199523","plasticCardId":"67fd7f29c1328463019a244a","hasPlasticCard":true,"balance":{"creditLimit":0.0,"creditLimitUsed":0.0,"creditEnabledToUse":0.0,"totalAmountInAccount":505.0},"customer":{"customerId":"67ec1a41fabf6d0f4ada9865","customerType":"P"},"auditData":{"createdAt":[2025,4,12],"updatedAt":[2025,4,12],"createdBy":"admin"}} 
2025-04-21 22:46:56-607 [nioEventLoopGroup-3-3] INFO  c.b.s.p.s.impl.ProductServiceImpl - Updating product changing holders or signatures. 
2025-04-21 22:46:56-764 [nioEventLoopGroup-3-3] INFO  c.b.s.p.s.impl.ProductServiceImpl - Product updated {"id":"67f9cc806e374c0902dcdb73","productType":"SA","amountOfOpen":10.0,"accountNumber":"SA01-7689199523","hasPlasticCard":true,"cardNumber":"67fd7f29c1328463019a244a","createdDate":[2025,4,12],"customer":{"customerId":"67ec1a41fabf6d0f4ada9865"},"holders":[{"fullName":"ANA  BERMEJO","email":"mail@gmail.commmm","phone":"11111","identification":{"typeIdentification":"DNI","numberIdentification":"444"}}]} 
2025-04-21 22:47:09-442 [AsyncResolver-bootstrap-executor-%d] INFO  c.n.d.s.r.aws.ConfigClusterResolver - Resolving eureka endpoints via configuration 
2025-04-21 22:47:15-887 [reactor-http-nio-3] INFO  c.b.s.p.e.ServiceProductDelegateImpl - -> Get Product by id  
2025-04-21 22:47:15-889 [reactor-http-nio-3] INFO  c.b.s.p.s.impl.ProductServiceImpl - Getting product by id 
2025-04-21 22:47:15-901 [nioEventLoopGroup-3-3] INFO  c.b.s.p.s.impl.ProductServiceImpl - Success product by id {"id":"67f9cc806e374c0902dcdb73","status":"ENABLED","productType":"SA","amountOfOpen":10.0,"accountNumber":"SA01-7689199523","plasticCardId":"67fd7f29c1328463019a244a","hasPlasticCard":true,"balance":{"creditLimit":0.0,"creditLimitUsed":0.0,"creditEnabledToUse":0.0,"totalAmountInAccount":505.0},"customer":{"customerId":"67ec1a41fabf6d0f4ada9865","customerType":"P"},"holders":[{"fullName":"ANA  BERMEJO","email":"mail@gmail.commmm","phone":"11111","identification":{"typeIdentification":"DNI","numberIdentification":"444"}}],"auditData":{"createdAt":[2025,4,12],"updatedAt":[2025,4,12],"createdBy":"admin"}} 
2025-04-21 22:52:09-454 [AsyncResolver-bootstrap-executor-%d] INFO  c.n.d.s.r.aws.ConfigClusterResolver - Resolving eureka endpoints via configuration 
2025-04-21 22:54:11-389 [DiscoveryClient-HeartbeatExecutor-%d] INFO  c.netflix.discovery.DiscoveryClient - DiscoveryClient_SERVICE-PRODUCT/service-product:8383 - Re-registering apps/SERVICE-PRODUCT 
2025-04-21 22:54:11-390 [DiscoveryClient-HeartbeatExecutor-%d] INFO  c.netflix.discovery.DiscoveryClient - DiscoveryClient_SERVICE-PRODUCT/service-product:8383: registering service... 
2025-04-21 22:54:11-414 [DiscoveryClient-HeartbeatExecutor-%d] INFO  c.netflix.discovery.DiscoveryClient - DiscoveryClient_SERVICE-PRODUCT/service-product:8383 - registration status: 204 
2025-04-21 22:57:09-469 [AsyncResolver-bootstrap-executor-%d] INFO  c.n.d.s.r.aws.ConfigClusterResolver - Resolving eureka endpoints via configuration 
2025-04-21 22:58:39-482 [reactor-http-nio-4] INFO  c.b.s.p.e.ServiceProductDelegateImpl - -> Get Product by id  
2025-04-21 22:58:39-487 [reactor-http-nio-4] INFO  c.b.s.p.s.impl.ProductServiceImpl - Getting product by id 
2025-04-21 22:58:39-496 [nioEventLoopGroup-3-3] INFO  c.b.s.p.s.impl.ProductServiceImpl - Success product by id {"id":"67f9cc806e374c0902dcdb73","status":"ENABLED","productType":"SA","amountOfOpen":10.0,"accountNumber":"SA01-7689199523","plasticCardId":"67fd7f29c1328463019a244a","hasPlasticCard":true,"balance":{"creditLimit":0.0,"creditLimitUsed":0.0,"creditEnabledToUse":0.0,"totalAmountInAccount":505.0},"customer":{"customerId":"67ec1a41fabf6d0f4ada9865","customerType":"P"},"holders":[{"fullName":"ANA  BERMEJO","email":"mail@gmail.commmm","phone":"11111","identification":{"typeIdentification":"DNI","numberIdentification":"444"}}],"auditData":{"createdAt":[2025,4,12],"updatedAt":[2025,4,12],"createdBy":"admin"}} 
2025-04-21 23:02:09-483 [AsyncResolver-bootstrap-executor-%d] INFO  c.n.d.s.r.aws.ConfigClusterResolver - Resolving eureka endpoints via configuration 
2025-04-21 23:07:09-497 [AsyncResolver-bootstrap-executor-%d] INFO  c.n.d.s.r.aws.ConfigClusterResolver - Resolving eureka endpoints via configuration 
2025-04-21 23:12:09-504 [AsyncResolver-bootstrap-executor-%d] INFO  c.n.d.s.r.aws.ConfigClusterResolver - Resolving eureka endpoints via configuration 
2025-04-21 23:17:09-517 [AsyncResolver-bootstrap-executor-%d] INFO  c.n.d.s.r.aws.ConfigClusterResolver - Resolving eureka endpoints via configuration 
2025-04-21 23:22:09-532 [AsyncResolver-bootstrap-executor-%d] INFO  c.n.d.s.r.aws.ConfigClusterResolver - Resolving eureka endpoints via configuration 
2025-04-21 23:27:09-540 [AsyncResolver-bootstrap-executor-%d] INFO  c.n.d.s.r.aws.ConfigClusterResolver - Resolving eureka endpoints via configuration 
